[1/8] index.qmd
[1] "hey; %USERPROFILE% / Rprofile to file me"
[2/8] 01-about.qmd
[3/8] 02-quickstart.qmd
[1] "hey; %USERPROFILE% / Rprofile to file me"
[4/8] 03-theory.qmd
[1] "hey; %USERPROFILE% / Rprofile to file me"
[5/8] 04-record-linkage-workflow.qmd
[1] "hey; %USERPROFILE% / Rprofile to file me"
[6/8] 05-function-reference.qmd
[1] "hey; %USERPROFILE% / Rprofile to file me"
[7/8] 06-benchmarks.qmd
[1] "hey; %USERPROFILE% / Rprofile to file me"


processing file: 06-benchmarks.qmd
1/33                         
2/33 [setup]                 
3/33                         
4/33 [versions]              
5/33                         
6/33 [test-data]             
7/33                         
8/33 [results-accumulator]   
9/33                         
10/33 [bench-grepl]           
11/33                         
12/33 [bench-gsub]            
13/33                         
14/33 [bench-gsub-all]        
15/33                         
16/33 [bench-str-utils]       
17/33                         
18/33 [bench-dates]           
19/33                         
20/33 [bench-phonetic]        
21/33                         
22/33 [bench-jaro]            
23/33                         
24/33 [bench-jaro-correctness]
25/33                         
26/33 [bench-jaro-matrix]     
27/33                         
28/33 [bench-jaro-tokens]     
29/33                         
30/33 [bench-small-n]         
31/33                         
32/33 [tbl-summary]           
33/33                         
output file: 06-benchmarks.knit.md

[1] "hey; %USERPROFILE% / Rprofile to file me"
[8/8] 07-troubleshooting.qmd
[1] "hey; %USERPROFILE% / Rprofile to file me"

Output created: index.html

EXIT_CODE=0
